abnb3
aces4
aelp3
alll11
alll3
alll4
almi11b
alpa4
ambv3
ambv4
arce3
arcz3
arcz6
avpl3
bbas13
bbas3
bbdc3
bbdc4
bcal6
bees11
bees3
besp4
bisa3
bmto4
bnca3
bobr4
brap3
brap4
brkm3
brkm5
brto3
brto4
brtp3
brtp4
cafe4
card3
cbee3
ccro3
cesp3
cesp5
cesp6
cgas3
cgas5
clsc6
cmig3
cmig4
cnfb4
coce5
cpfe3
cple3
cple6
cpny3
cpsl3
cruz3
csan3
csmg3
csna3
ctax3
ctax4
ctka4
ctnm4
cyre3
dasa3
dolar
dppi4
dsul3
dura4
ebtp3
ebtp4
ecod3
elek4
elet3
elet6
elpl6
emae4
embr3
enbr3
enma3b
eqtl11
estr4
eter3
euro11
famb11b
fesa4
fftl4
fjta4
flcl3
flcl5
fras4
geti3
geti4
gfsa3
ggbr3
ggbr4
glob4
goau3
goau4
goll4
grnd3
guar3
guar4
hgtx3
ibrx50
ibrxbrasil
ibvsp
ibx50
ibxsp
idnt3
ieesp
ieng5
igovernanca
ilmd4
imbi4
indfut
industrial
inep4
isustentabil
itagalong
itau3
itau4
itelecom
itsa4
ivbx2
jbdu4
jfen3
klbn4
kssa3
lame4
leve4
ligt3
lixc4
lren3
lupa3
mags5
mdia3
medi3
mgel4
mlft4
mmxm3
mndl4
mwet4
mypk4
natu3
netc4
ohlb3
pcar4
pefx5
petr3
petr4
pfrm3
pibb11
plas4
pmam4
pomo4
pqun4
prga3
pssa3
ptbl4
ptip4
ptnt4
rapt4
rcsl4
rent3
rhds3
ripi3
ripi4
rnar3
rpmg4
rsid3
rsip4
sapr4
sasg3
sbsp3
scar3
sdia4
sled4
stbr11
strp4
suba3
suzb5
szpq4
tamm4
tble3
tcsl3
tcsl4
teka4
telb3
telb4
tlpp3
tlpp4
tmar5
tmcp3
tmcp4
tncp3
tncp4
tnlp3
tnlp4
tots3
toyb3
toyb4
trfo4
trna11
trpl4
ubbr11
ubbr3
ubbr4
ugpa4
unip6
uoll4
usim3
usim5
vagv4
vale3
vale5
vcpa4
vgor4
vivo3
vivo4
vvax11
wege4
whrl4
