alllf20
bbdcc50
bmefd18
brkmc14
brkmd15
cespc48
csnac70
eletc23
eletg23
eleth23
eletd4
golld30
itsad1
netcc17
netcc18
netcc20
netcc21
petrc10
petrc56
petrc6
petrc68
petrc70
petrc72
petrc74
petrc76
petrc78
petrc80
petrc82
petrc84
petrc86
petrc88
petrc90
petrc92
petrc94
petrc96
petrc98
petrd10
petrd11
petrd2
petrd4
petrd6
petrd70
petrd72
petrd74
petrd76
petrd78
petrd8
petrd80
petrd82
petrd84
petrd86
petrd88
petrd90
petrd92
petrd94
petrd96
petrd98
petre80
petre82
petre84
petre86
petre88
petre90
petre92
petre94
petrc57
pibbc84
pibbd84
plasl6
tnlpc34
tnlpc36
tnlpc38
tnlpc40
tnlpc42
tnlpc44
tnlpc46
tnlpd40
tnlpd44
tnlpd46
tnlpd48
tnlpd50
valec38
valec40
valec42
valec44
valec46
valec48
valec50
valec52
valec54
valec56
valec58
valec60
valec62
valec64
valec66
valed36
valed40
valed42
valed44
valed46
valed48
valed50
valed52
valed54
valed56
valed58
valed6
valed60
valed62
valed64
valed68
valed70
valed72
valee42
valee44
valee46
valee48
valee50
valee52
valee54
valee58
valee62
valee64
valef52
eleto23
elets23
elett23
petrp72
valeo46
valeo52
